<?xml version="1.0" encoding="UTF-8"?>
<testsuites name="jest tests" tests="1" failures="0" errors="0" time="7.411">
  <testsuite name="undefined" errors="0" failures="0" skipped="0" timestamp="2023-08-28T03:48:17" time="4.357" tests="1">
    <testcase classname=" renders learn react link" name=" renders learn react link" time="0.179">
    </testcase>
  </testsuite>
</testsuites>